<html>
<body>
<pre>
<h1>µVision Build Log</h1>
<h2>Tool Versions:</h2>
IDE-Version: ¦ÌVision V5.40.0.0
Copyright (C) 2024 ARM Ltd and ARM Germany GmbH. All rights reserved.
License Information: 1 2941031143@qq.com, 11, LIC=PE7DL-0DEBV-QD2KD-8BF0A-VSY4R-VSYXX
 
Tool Versions:
Toolchain:       MDK-ARM Plus  Version: 5.40.0.3
Toolchain Path:  C:\keil5\Keil_v540\ARM\ARMCLANG\Bin
C Compiler:      ArmClang.exe V6.22
Assembler:       Armasm.exe V6.22
Linker/Locator:  ArmLink.exe V6.22
Library Manager: ArmAr.exe V6.22
Hex Converter:   FromElf.exe V6.22
CPU DLL:         
Dialog DLL:      
Target DLL:      CMSIS_AGDI_V8M.DLL V1.8.2.0
Dialog DLL:      TCM.DLL V1.56.4.0
 
<h2>Project:</h2>
C:\Users\29410\Desktop\debug_smart-car_main\Debug_SmartCar_mcx\project\mdk\mcx_vision_board.uvprojx
Project File Date:  05/21/2025

<h2>Output:</h2>
*** Using Compiler 'V6.22', folder: 'C:\keil5\Keil_v540\ARM\ARMCLANG\Bin'
Build target 'mcx_vision_board'
compiling main.cpp...
linking...
Program Size: Code=38316 RO-data=5004 RW-data=216216 ZI-data=10388  
".\Objects\mcx_vision_board.axf" - 0 Error(s), 0 Warning(s).

<h2>Software Packages used:</h2>

Package Vendor: NXP
                https://mcuxpresso.nxp.com/cmsis_pack/repo/NXP.MCXN947_DFP.17.0.0.pack
                NXP::MCXN947_DFP@17.0.0
                Device Family Pack for MCXN947

<h2>Collection of Component include folders:</h2>
  C:/keil5/Keil_v540/Packs/NXP/MCXN947_DFP/17.0.0/devices/MCXN947

<h2>Collection of Component Files used:</h2>
Build Time Elapsed:  00:00:01
</pre>
</body>
</html>
